09:56:26 **** Auto Build of configuration Debug for project ov5640_sd ****
make pre-build main-build 
a9-linaro-pre-build-step
' '
'Building file: ../src/display_demo.c'
'Invoking: ARM v7 gcc compiler'
arm-none-eabi-gcc -Wall -O0 -g3 -c -fmessage-length=0 -MT"src/display_demo.o" -mcpu=cortex-a9 -mfpu=vfpv3 -mfloat-abi=hard -I../../ov5640_sd_bsp/ps7_cortexa9_0/include -MMD -MP -MF"src/display_demo.d" -MT"src/display_demo.o" -o "src/display_demo.o" "../src/display_demo.c"
'Finished building: ../src/display_demo.c'
' '
'Building target: ov5640_sd.elf'
'Invoking: ARM v7 gcc linker'
arm-none-eabi-gcc -mcpu=cortex-a9 -mfpu=vfpv3 -mfloat-abi=hard -Wl,-build-id=none -specs=Xilinx.spec -Wl,-T -Wl,../src/lscript.ld -L../../ov5640_sd_bsp/ps7_cortexa9_0/lib -o "ov5640_sd.elf"  ./src/i2c/PS_i2c.o  ./src/dynclk/dynclk.o  ./src/display_ctrl/display_ctrl.o  ./src/bmp.o ./src/display_demo.o ./src/ov5640.o ./src/vdma.o ./src/zynq_interrupt.o   -Wl,--start-group,-lxil,-lgcc,-lc,--end-group -Wl,--start-group,-lxilffs,-lxil,-lgcc,-lc,--end-group
'Finished building target: ov5640_sd.elf'
' '
'Invoking: ARM v7 Print Size'
arm-none-eabi-size ov5640_sd.elf  |tee "ov5640_sd.elf.size"
   text	   data	    bss	    dec	    hex	filename
  99916	   5296	24924128	25029340	17deadc	ov5640_sd.elf
'Finished building: ov5640_sd.elf.size'
' '

09:56:27 Build Finished (took 904ms)

